
DevTools listening on ws://127.0.0.1:9225/devtools/browser/09f9eb84-af30-42cd-8594-59b1efb637ce
[3240:10548:0726/224328.177:ERROR:google_apis\gcm\engine\registration_request.cc:291] Registration response error message: DEPRECATED_ENDPOINT
[3240:10548:0726/224328.219:ERROR:google_apis\gcm\engine\registration_request.cc:291] Registration response error message: PHONE_REGISTRATION_ERROR
Created TensorFlow Lite XNNPACK delegate for CPU.
[3240:10548:0726/224356.017:ERROR:google_apis\gcm\engine\registration_request.cc:291] Registration response error message: DEPRECATED_ENDPOINT
[3240:10548:0726/224451.077:ERROR:google_apis\gcm\engine\registration_request.cc:291] Registration response error message: DEPRECATED_ENDPOINT
[3240:10548:0726/224645.045:ERROR:google_apis\gcm\engine\registration_request.cc:291] Registration response error message: DEPRECATED_ENDPOINT
[3240:10548:0726/224938.149:ERROR:google_apis\gcm\engine\registration_request.cc:291] Registration response error message: DEPRECATED_ENDPOINT
[3240:11556:0726/224959.118:ERROR:components\page_load_metrics\browser\page_load_metrics_update_dispatcher.cc:187] Invalid first_paint (unset) for first_contentful_paint 0.056 s
[3240:11556:0726/225232.230:ERROR:components\page_load_metrics\browser\page_load_metrics_update_dispatcher.cc:187] Invalid first_paint (unset) for first_contentful_paint 0.046 s
[3240:11556:0726/225232.331:ERROR:components\page_load_metrics\browser\page_load_metrics_update_dispatcher.cc:187] Invalid first_paint 0.048 s for first_contentful_paint 0.046 s
[3240:11556:0726/225232.499:ERROR:components\page_load_metrics\browser\page_load_metrics_update_dispatcher.cc:187] Invalid first_paint 0.048 s for first_contentful_paint 0.046 s
[3240:11556:0726/225232.896:ERROR:components\page_load_metrics\browser\page_load_metrics_update_dispatcher.cc:187] Invalid first_paint 0.048 s for first_contentful_paint 0.046 s
[3240:11556:0726/225234.781:ERROR:components\page_load_metrics\browser\page_load_metrics_update_dispatcher.cc:187] Invalid first_paint 0.048 s for first_contentful_paint 0.046 s
[3240:11556:0726/225235.430:ERROR:components\page_load_metrics\browser\page_load_metrics_update_dispatcher.cc:187] Invalid first_paint 0.048 s for first_contentful_paint 0.046 s
[3240:11556:0726/225236.551:ERROR:components\page_load_metrics\browser\page_load_metrics_update_dispatcher.cc:187] Invalid first_paint 0.048 s for first_contentful_paint 0.046 s
[3240:11556:0726/225236.695:ERROR:components\page_load_metrics\browser\page_load_metrics_update_dispatcher.cc:187] Invalid first_paint 0.048 s for first_contentful_paint 0.046 s
[3240:11556:0726/225237.517:ERROR:components\page_load_metrics\browser\page_load_metrics_update_dispatcher.cc:187] Invalid first_paint 0.048 s for first_contentful_paint 0.046 s
[3240:11556:0726/225237.897:ERROR:components\page_load_metrics\browser\page_load_metrics_update_dispatcher.cc:187] Invalid first_paint 0.048 s for first_contentful_paint 0.046 s
[3240:11556:0726/225238.648:ERROR:components\page_load_metrics\browser\page_load_metrics_update_dispatcher.cc:187] Invalid first_paint 0.048 s for first_contentful_paint 0.046 s
[3240:11556:0726/225240.911:ERROR:components\page_load_metrics\browser\page_load_metrics_update_dispatcher.cc:187] Invalid first_paint 0.048 s for first_contentful_paint 0.046 s
