
DevTools listening on ws://127.0.0.1:9233/devtools/browser/dcef060a-37d5-42dd-8c72-aa49aa96f3f8
[18788:24692:0726/234653.679:ERROR:google_apis\gcm\engine\registration_request.cc:291] Registration response error message: PHONE_REGISTRATION_ERROR
[18788:24692:0726/234653.685:ERROR:google_apis\gcm\engine\registration_request.cc:291] Registration response error message: PHONE_REGISTRATION_ERROR
[18788:24692:0726/234653.685:ERROR:google_apis\gcm\engine\registration_request.cc:291] Registration response error message: PHONE_REGISTRATION_ERROR
Created TensorFlow Lite XNNPACK delegate for CPU.
[18788:24692:0726/234717.342:ERROR:google_apis\gcm\engine\registration_request.cc:291] Registration response error message: DEPRECATED_ENDPOINT
[18788:24692:0726/234758.027:ERROR:google_apis\gcm\engine\registration_request.cc:291] Registration response error message: DEPRECATED_ENDPOINT
[18788:12088:0726/234903.416:ERROR:components\page_load_metrics\browser\page_load_metrics_update_dispatcher.cc:187] Invalid first_paint (unset) for first_contentful_paint 0.047 s
[18788:12088:0726/234903.529:ERROR:components\page_load_metrics\browser\page_load_metrics_update_dispatcher.cc:187] Invalid first_paint 0.049 s for first_contentful_paint 0.047 s
[18788:12088:0726/234903.712:ERROR:components\page_load_metrics\browser\page_load_metrics_update_dispatcher.cc:187] Invalid first_paint 0.049 s for first_contentful_paint 0.047 s
[18788:12088:0726/234904.028:ERROR:components\page_load_metrics\browser\page_load_metrics_update_dispatcher.cc:187] Invalid first_paint 0.049 s for first_contentful_paint 0.047 s
[18788:12088:0726/234905.129:ERROR:components\page_load_metrics\browser\page_load_metrics_update_dispatcher.cc:187] Invalid first_paint 0.049 s for first_contentful_paint 0.047 s
[18788:12088:0726/234906.088:ERROR:components\page_load_metrics\browser\page_load_metrics_update_dispatcher.cc:187] Invalid first_paint 0.049 s for first_contentful_paint 0.047 s
[18788:12088:0726/234906.201:ERROR:components\page_load_metrics\browser\page_load_metrics_update_dispatcher.cc:187] Invalid first_paint 0.049 s for first_contentful_paint 0.047 s
[18788:12088:0726/234906.426:ERROR:components\page_load_metrics\browser\page_load_metrics_update_dispatcher.cc:187] Invalid first_paint 0.049 s for first_contentful_paint 0.047 s
[18788:12088:0726/234906.578:ERROR:components\page_load_metrics\browser\page_load_metrics_update_dispatcher.cc:187] Invalid first_paint 0.049 s for first_contentful_paint 0.047 s
[18788:12088:0726/234906.864:ERROR:components\page_load_metrics\browser\page_load_metrics_update_dispatcher.cc:187] Invalid first_paint 0.049 s for first_contentful_paint 0.047 s
[18788:12088:0726/234907.442:ERROR:components\page_load_metrics\browser\page_load_metrics_update_dispatcher.cc:187] Invalid first_paint 0.049 s for first_contentful_paint 0.047 s
[18788:12088:0726/234909.624:ERROR:components\page_load_metrics\browser\page_load_metrics_update_dispatcher.cc:187] Invalid first_paint 0.049 s for first_contentful_paint 0.047 s
[18788:12088:0726/234911.858:ERROR:components\page_load_metrics\browser\page_load_metrics_update_dispatcher.cc:187] Invalid first_paint 0.049 s for first_contentful_paint 0.047 s
[18788:12088:0726/234921.434:ERROR:components\page_load_metrics\browser\page_load_metrics_update_dispatcher.cc:187] Invalid first_paint 0.049 s for first_contentful_paint 0.047 s
[18788:12088:0726/234924.378:ERROR:components\page_load_metrics\browser\page_load_metrics_update_dispatcher.cc:187] Invalid first_paint 0.049 s for first_contentful_paint 0.047 s
